{
  "id": "@integer@",
  "appId": "app1",
  "text": "@string@",
  "author": "@string@"
}