{
  "id": "@integer@",
  "appId": "@string@",
  "text": "@string@",
  "author": "@string@"
}